// Jest Snapshot v1, https://goo.gl/fbAQLP

exports[`<Form /> renders the <Form /> with an error 1`] = `
<div
  class="form__Container-sc-1jfxee4-0 cVQsFY"
>
  <div
    class="form__Error-sc-1jfxee4-1 dHCsSj"
  >
    Your email address is already being used
  </div>
  <button
    class="form__Submit-sc-1jfxee4-8 itDfDb"
    type="submit"
  >
    Sign In
  </button>
</div>
`;
